    Blocking waiting for file lock on package cache
    Blocking waiting for file lock on package cache
    Blocking waiting for file lock on package cache
web-capture v0.3.30
├── anyhow v1.0.102
├── async-tungstenite v0.27.0
│   ├── async-std v1.13.2
│   │   ├── async-attributes v1.1.2 (proc-macro)
│   │   │   ├── quote v1.0.45
│   │   │   │   └── proc-macro2 v1.0.106
│   │   │   │       └── unicode-ident v1.0.24
│   │   │   └── syn v1.0.109
│   │   │       ├── proc-macro2 v1.0.106 (*)
│   │   │       ├── quote v1.0.45 (*)
│   │   │       └── unicode-ident v1.0.24
│   │   ├── async-channel v1.9.0
│   │   │   ├── concurrent-queue v2.5.0
│   │   │   │   └── crossbeam-utils v0.8.21
│   │   │   ├── event-listener v2.5.3
│   │   │   └── futures-core v0.3.32
│   │   ├── async-global-executor v2.4.1
│   │   │   ├── async-channel v2.5.0
│   │   │   │   ├── concurrent-queue v2.5.0 (*)
│   │   │   │   ├── event-listener-strategy v0.5.4
│   │   │   │   │   ├── event-listener v5.4.1
│   │   │   │   │   │   ├── concurrent-queue v2.5.0 (*)
│   │   │   │   │   │   ├── parking v2.2.1
│   │   │   │   │   │   └── pin-project-lite v0.2.17
│   │   │   │   │   └── pin-project-lite v0.2.17
│   │   │   │   ├── futures-core v0.3.32
│   │   │   │   └── pin-project-lite v0.2.17
│   │   │   ├── async-executor v1.14.0
│   │   │   │   ├── async-task v4.7.1
│   │   │   │   ├── concurrent-queue v2.5.0 (*)
│   │   │   │   ├── fastrand v2.4.1
│   │   │   │   ├── futures-lite v2.6.1
│   │   │   │   │   ├── fastrand v2.4.1
│   │   │   │   │   ├── futures-core v0.3.32
│   │   │   │   │   ├── futures-io v0.3.32
│   │   │   │   │   ├── parking v2.2.1
│   │   │   │   │   └── pin-project-lite v0.2.17
│   │   │   │   ├── pin-project-lite v0.2.17
│   │   │   │   └── slab v0.4.12
│   │   │   ├── async-io v2.6.0
│   │   │   │   ├── cfg-if v1.0.4
│   │   │   │   ├── concurrent-queue v2.5.0 (*)
│   │   │   │   ├── futures-io v0.3.32
│   │   │   │   ├── futures-lite v2.6.1 (*)
│   │   │   │   ├── parking v2.2.1
│   │   │   │   ├── polling v3.11.0
│   │   │   │   │   ├── cfg-if v1.0.4
│   │   │   │   │   └── rustix v1.1.4
│   │   │   │   │       ├── bitflags v2.13.0
│   │   │   │   │       └── linux-raw-sys v0.12.1
│   │   │   │   ├── rustix v1.1.4 (*)
│   │   │   │   └── slab v0.4.12
│   │   │   │   [build-dependencies]
│   │   │   │   └── autocfg v1.5.1
│   │   │   ├── async-lock v3.4.2
│   │   │   │   ├── event-listener v5.4.1 (*)
│   │   │   │   ├── event-listener-strategy v0.5.4 (*)
│   │   │   │   └── pin-project-lite v0.2.17
│   │   │   ├── blocking v1.6.2
│   │   │   │   ├── async-channel v2.5.0 (*)
│   │   │   │   ├── async-task v4.7.1
│   │   │   │   ├── futures-io v0.3.32
│   │   │   │   ├── futures-lite v2.6.1 (*)
│   │   │   │   └── piper v0.2.5
│   │   │   │       ├── atomic-waker v1.1.2
│   │   │   │       ├── fastrand v2.4.1
│   │   │   │       └── futures-io v0.3.32
│   │   │   ├── futures-lite v2.6.1 (*)
│   │   │   └── once_cell v1.21.4
│   │   ├── async-io v2.6.0 (*)
│   │   ├── async-lock v3.4.2 (*)
│   │   ├── async-process v2.5.0
│   │   │   ├── async-channel v2.5.0 (*)
│   │   │   ├── async-io v2.6.0 (*)
│   │   │   ├── async-lock v3.4.2 (*)
│   │   │   ├── async-signal v0.2.14
│   │   │   │   ├── async-io v2.6.0 (*)
│   │   │   │   ├── cfg-if v1.0.4
│   │   │   │   ├── futures-core v0.3.32
│   │   │   │   ├── futures-io v0.3.32
│   │   │   │   ├── rustix v1.1.4 (*)
│   │   │   │   └── signal-hook-registry v1.4.8
│   │   │   │       ├── errno v0.3.14
│   │   │   │       │   └── libc v0.2.186
│   │   │   │       └── libc v0.2.186
│   │   │   ├── async-task v4.7.1
│   │   │   ├── cfg-if v1.0.4
│   │   │   ├── event-listener v5.4.1 (*)
│   │   │   ├── futures-lite v2.6.1 (*)
│   │   │   └── rustix v1.1.4 (*)
│   │   ├── crossbeam-utils v0.8.21
│   │   ├── futures-core v0.3.32
│   │   ├── futures-io v0.3.32
│   │   ├── futures-lite v2.6.1 (*)
│   │   ├── kv-log-macro v1.0.7
│   │   │   └── log v0.4.32
│   │   │       └── value-bag v1.12.0
│   │   ├── log v0.4.32 (*)
│   │   ├── memchr v2.8.2
│   │   ├── once_cell v1.21.4
│   │   ├── pin-project-lite v0.2.17
│   │   ├── pin-utils v0.1.0
│   │   └── slab v0.4.12
│   ├── futures-io v0.3.32
│   ├── futures-util v0.3.32
│   │   ├── futures-channel v0.3.32
│   │   │   ├── futures-core v0.3.32
│   │   │   └── futures-sink v0.3.32
│   │   ├── futures-core v0.3.32
│   │   ├── futures-io v0.3.32
│   │   ├── futures-macro v0.3.32 (proc-macro)
│   │   │   ├── proc-macro2 v1.0.106 (*)
│   │   │   ├── quote v1.0.45 (*)
│   │   │   └── syn v2.0.117
│   │   │       ├── proc-macro2 v1.0.106 (*)
│   │   │       ├── quote v1.0.45 (*)
│   │   │       └── unicode-ident v1.0.24
│   │   ├── futures-sink v0.3.32
│   │   ├── futures-task v0.3.32
│   │   ├── memchr v2.8.2
│   │   ├── pin-project-lite v0.2.17
│   │   └── slab v0.4.12
│   ├── log v0.4.32 (*)
│   ├── pin-project-lite v0.2.17
│   ├── tokio v1.52.3
│   │   ├── bytes v1.11.1
│   │   │   └── serde v1.0.228
│   │   │       ├── serde_core v1.0.228
│   │   │       └── serde_derive v1.0.228 (proc-macro)
│   │   │           ├── proc-macro2 v1.0.106 (*)
│   │   │           ├── quote v1.0.45 (*)
│   │   │           └── syn v2.0.117 (*)
│   │   ├── libc v0.2.186
│   │   ├── mio v1.2.1
│   │   │   └── libc v0.2.186
│   │   ├── parking_lot v0.12.5
│   │   │   ├── lock_api v0.4.14
│   │   │   │   └── scopeguard v1.2.0
│   │   │   └── parking_lot_core v0.9.12
│   │   │       ├── cfg-if v1.0.4
│   │   │       ├── libc v0.2.186
│   │   │       └── smallvec v1.15.2
│   │   ├── pin-project-lite v0.2.17
│   │   ├── signal-hook-registry v1.4.8 (*)
│   │   ├── socket2 v0.6.4
│   │   │   └── libc v0.2.186
│   │   └── tokio-macros v2.7.0 (proc-macro)
│   │       ├── proc-macro2 v1.0.106 (*)
│   │       ├── quote v1.0.45 (*)
│   │       └── syn v2.0.117 (*)
│   └── tungstenite v0.23.0
│       ├── byteorder v1.5.0
│       ├── bytes v1.11.1 (*)
│       ├── data-encoding v2.11.0
│       ├── http v1.4.2
│       │   ├── bytes v1.11.1 (*)
│       │   └── itoa v1.0.18
│       ├── httparse v1.10.1
│       ├── log v0.4.32 (*)
│       ├── rand v0.8.6
│       │   ├── libc v0.2.186
│       │   ├── rand_chacha v0.3.1
│       │   │   ├── ppv-lite86 v0.2.21
│       │   │   │   └── zerocopy v0.8.52
│       │   │   └── rand_core v0.6.4
│       │   │       └── getrandom v0.2.17
│       │   │           ├── cfg-if v1.0.4
│       │   │           └── libc v0.2.186
│       │   └── rand_core v0.6.4 (*)
│       ├── sha1 v0.10.6
│       │   ├── cfg-if v1.0.4
│       │   ├── cpufeatures v0.2.17
│       │   └── digest v0.10.7
│       │       ├── block-buffer v0.10.4
│       │       │   └── generic-array v0.14.7
│       │       │       └── typenum v1.20.1
│       │       │       [build-dependencies]
│       │       │       └── version_check v0.9.5
│       │       └── crypto-common v0.1.7
│       │           ├── generic-array v0.14.7 (*)
│       │           └── typenum v1.20.1
│       ├── thiserror v1.0.69
│       │   └── thiserror-impl v1.0.69 (proc-macro)
│       │       ├── proc-macro2 v1.0.106 (*)
│       │       ├── quote v1.0.45 (*)
│       │       └── syn v2.0.117 (*)
│       └── utf-8 v0.7.6
├── axum v0.8.9
│   ├── axum-core v0.5.6
│   │   ├── bytes v1.11.1 (*)
│   │   ├── futures-core v0.3.32
│   │   ├── http v1.4.2 (*)
│   │   ├── http-body v1.0.1
│   │   │   ├── bytes v1.11.1 (*)
│   │   │   └── http v1.4.2 (*)
│   │   ├── http-body-util v0.1.3
│   │   │   ├── bytes v1.11.1 (*)
│   │   │   ├── futures-core v0.3.32
│   │   │   ├── http v1.4.2 (*)
│   │   │   ├── http-body v1.0.1 (*)
│   │   │   └── pin-project-lite v0.2.17
│   │   ├── mime v0.3.17
│   │   ├── pin-project-lite v0.2.17
│   │   ├── sync_wrapper v1.0.2
│   │   │   └── futures-core v0.3.32
│   │   ├── tower-layer v0.3.3
│   │   ├── tower-service v0.3.3
│   │   └── tracing v0.1.44
│   │       ├── log v0.4.32 (*)
│   │       ├── pin-project-lite v0.2.17
│   │       ├── tracing-attributes v0.1.31 (proc-macro)
│   │       │   ├── proc-macro2 v1.0.106 (*)
│   │       │   ├── quote v1.0.45 (*)
│   │       │   └── syn v2.0.117 (*)
│   │       └── tracing-core v0.1.36
│   │           └── once_cell v1.21.4
│   ├── bytes v1.11.1 (*)
│   ├── form_urlencoded v1.2.2
│   │   └── percent-encoding v2.3.2
│   ├── futures-util v0.3.32 (*)
│   ├── http v1.4.2 (*)
│   ├── http-body v1.0.1 (*)
│   ├── http-body-util v0.1.3 (*)
│   ├── hyper v1.10.1
│   │   ├── atomic-waker v1.1.2
│   │   ├── bytes v1.11.1 (*)
│   │   ├── futures-channel v0.3.32 (*)
│   │   ├── futures-core v0.3.32
│   │   ├── h2 v0.4.14
│   │   │   ├── atomic-waker v1.1.2
│   │   │   ├── bytes v1.11.1 (*)
│   │   │   ├── fnv v1.0.7
│   │   │   ├── futures-core v0.3.32
│   │   │   ├── futures-sink v0.3.32
│   │   │   ├── http v1.4.2 (*)
│   │   │   ├── indexmap v2.14.0
│   │   │   │   ├── equivalent v1.0.2
│   │   │   │   └── hashbrown v0.17.1
│   │   │   │       ├── allocator-api2 v0.2.21
│   │   │   │       ├── equivalent v1.0.2
│   │   │   │       └── foldhash v0.2.0
│   │   │   ├── slab v0.4.12
│   │   │   ├── tokio v1.52.3 (*)
│   │   │   ├── tokio-util v0.7.18
│   │   │   │   ├── bytes v1.11.1 (*)
│   │   │   │   ├── futures-core v0.3.32
│   │   │   │   ├── futures-sink v0.3.32
│   │   │   │   ├── pin-project-lite v0.2.17
│   │   │   │   └── tokio v1.52.3 (*)
│   │   │   └── tracing v0.1.44 (*)
│   │   ├── http v1.4.2 (*)
│   │   ├── http-body v1.0.1 (*)
│   │   ├── httparse v1.10.1
│   │   ├── httpdate v1.0.3
│   │   ├── itoa v1.0.18
│   │   ├── pin-project-lite v0.2.17
│   │   ├── smallvec v1.15.2
│   │   ├── tokio v1.52.3 (*)
│   │   └── want v0.3.1
│   │       └── try-lock v0.2.5
│   ├── hyper-util v0.1.20
│   │   ├── base64 v0.22.1
│   │   ├── bytes v1.11.1 (*)
│   │   ├── futures-channel v0.3.32 (*)
│   │   ├── futures-util v0.3.32 (*)
│   │   ├── http v1.4.2 (*)
│   │   ├── http-body v1.0.1 (*)
│   │   ├── hyper v1.10.1 (*)
│   │   ├── ipnet v2.12.0
│   │   ├── libc v0.2.186
│   │   ├── percent-encoding v2.3.2
│   │   ├── pin-project-lite v0.2.17
│   │   ├── socket2 v0.6.4 (*)
│   │   ├── tokio v1.52.3 (*)
│   │   ├── tower-service v0.3.3
│   │   └── tracing v0.1.44 (*)
│   ├── itoa v1.0.18
│   ├── matchit v0.8.4
│   ├── memchr v2.8.2
│   ├── mime v0.3.17
│   ├── percent-encoding v2.3.2
│   ├── pin-project-lite v0.2.17
│   ├── serde_core v1.0.228
│   ├── serde_json v1.0.150
│   │   ├── itoa v1.0.18
│   │   ├── memchr v2.8.2
│   │   ├── serde_core v1.0.228
│   │   └── zmij v1.0.21
│   ├── serde_path_to_error v0.1.20
│   │   ├── itoa v1.0.18
│   │   └── serde_core v1.0.228
│   ├── serde_urlencoded v0.7.1
│   │   ├── form_urlencoded v1.2.2 (*)
│   │   ├── itoa v1.0.18
│   │   ├── ryu v1.0.23
│   │   └── serde v1.0.228 (*)
│   ├── sync_wrapper v1.0.2 (*)
│   ├── tokio v1.52.3 (*)
│   ├── tower v0.5.3
│   │   ├── futures-core v0.3.32
│   │   ├── futures-util v0.3.32 (*)
│   │   ├── pin-project-lite v0.2.17
│   │   ├── sync_wrapper v1.0.2 (*)
│   │   ├── tokio v1.52.3 (*)
│   │   ├── tower-layer v0.3.3
│   │   ├── tower-service v0.3.3
│   │   └── tracing v0.1.44 (*)
│   ├── tower-layer v0.3.3
│   ├── tower-service v0.3.3
│   └── tracing v0.1.44 (*)
├── base64 v0.22.1
├── browser-commander v0.9.1
│   ├── anyhow v1.0.102
│   ├── async-trait v0.1.89 (proc-macro)
│   │   ├── proc-macro2 v1.0.106 (*)
│   │   ├── quote v1.0.45 (*)
│   │   └── syn v2.0.117 (*)
│   ├── chromiumoxide v0.7.0
│   │   ├── async-std v1.13.2 (*)
│   │   ├── async-tungstenite v0.27.0 (*)
│   │   ├── base64 v0.22.1
│   │   ├── bytes v1.11.1 (*)
│   │   ├── cfg-if v1.0.4
│   │   ├── chromiumoxide_cdp v0.7.0
│   │   │   ├── chromiumoxide_pdl v0.7.0
│   │   │   │   ├── chromiumoxide_types v0.7.0
│   │   │   │   │   ├── serde v1.0.228 (*)
│   │   │   │   │   └── serde_json v1.0.150 (*)
│   │   │   │   ├── either v1.16.0
│   │   │   │   ├── heck v0.4.1
│   │   │   │   ├── once_cell v1.21.4
│   │   │   │   ├── proc-macro2 v1.0.106 (*)
│   │   │   │   ├── quote v1.0.45 (*)
│   │   │   │   ├── regex v1.12.4
│   │   │   │   │   ├── aho-corasick v1.1.4
│   │   │   │   │   │   └── memchr v2.8.2
│   │   │   │   │   ├── memchr v2.8.2
│   │   │   │   │   ├── regex-automata v0.4.14
│   │   │   │   │   │   ├── aho-corasick v1.1.4 (*)
│   │   │   │   │   │   ├── memchr v2.8.2
│   │   │   │   │   │   └── regex-syntax v0.8.11
│   │   │   │   │   └── regex-syntax v0.8.11
│   │   │   │   ├── serde v1.0.228 (*)
│   │   │   │   └── serde_json v1.0.150 (*)
│   │   │   ├── chromiumoxide_types v0.7.0 (*)
│   │   │   ├── serde v1.0.228 (*)
│   │   │   └── serde_json v1.0.150 (*)
│   │   ├── chromiumoxide_types v0.7.0 (*)
│   │   ├── dunce v1.0.5
│   │   ├── fnv v1.0.7
│   │   ├── futures v0.3.32
│   │   │   ├── futures-channel v0.3.32 (*)
│   │   │   ├── futures-core v0.3.32
│   │   │   ├── futures-executor v0.3.32
│   │   │   │   ├── futures-core v0.3.32
│   │   │   │   ├── futures-task v0.3.32
│   │   │   │   └── futures-util v0.3.32 (*)
│   │   │   ├── futures-io v0.3.32
│   │   │   ├── futures-sink v0.3.32
│   │   │   ├── futures-task v0.3.32
│   │   │   └── futures-util v0.3.32 (*)
│   │   ├── futures-timer v3.0.4
│   │   ├── pin-project-lite v0.2.17
│   │   ├── reqwest v0.12.28
│   │   │   ├── base64 v0.22.1
│   │   │   ├── bytes v1.11.1 (*)
│   │   │   ├── cookie v0.18.1
│   │   │   │   ├── percent-encoding v2.3.2
│   │   │   │   └── time v0.3.36
│   │   │   │       ├── deranged v0.3.11
│   │   │   │       │   └── powerfmt v0.2.0
│   │   │   │       ├── itoa v1.0.18
│   │   │   │       ├── num-conv v0.1.0
│   │   │   │       ├── powerfmt v0.2.0
│   │   │   │       ├── time-core v0.1.2
│   │   │   │       └── time-macros v0.2.18 (proc-macro)
│   │   │   │           ├── num-conv v0.1.0
│   │   │   │           └── time-core v0.1.2
│   │   │   │   [build-dependencies]
│   │   │   │   └── version_check v0.9.5
│   │   │   ├── cookie_store v0.22.0
│   │   │   │   ├── cookie v0.18.1 (*)
│   │   │   │   ├── document-features v0.2.12 (proc-macro)
│   │   │   │   │   └── litrs v1.0.0
│   │   │   │   ├── idna v1.1.0
│   │   │   │   │   ├── idna_adapter v1.2.2
│   │   │   │   │   │   ├── icu_normalizer v2.2.0
│   │   │   │   │   │   │   ├── icu_collections v2.2.0
│   │   │   │   │   │   │   │   ├── displaydoc v0.2.6 (proc-macro)
│   │   │   │   │   │   │   │   │   ├── proc-macro2 v1.0.106 (*)
│   │   │   │   │   │   │   │   │   ├── quote v1.0.45 (*)
│   │   │   │   │   │   │   │   │   └── syn v2.0.117 (*)
│   │   │   │   │   │   │   │   ├── potential_utf v0.1.5
│   │   │   │   │   │   │   │   │   └── zerovec v0.11.6
│   │   │   │   │   │   │   │   │       ├── yoke v0.8.3
│   │   │   │   │   │   │   │   │       │   ├── stable_deref_trait v1.2.1
│   │   │   │   │   │   │   │   │       │   ├── yoke-derive v0.8.2 (proc-macro)
│   │   │   │   │   │   │   │   │       │   │   ├── proc-macro2 v1.0.106 (*)
│   │   │   │   │   │   │   │   │       │   │   ├── quote v1.0.45 (*)
│   │   │   │   │   │   │   │   │       │   │   ├── syn v2.0.117 (*)
│   │   │   │   │   │   │   │   │       │   │   └── synstructure v0.13.2
│   │   │   │   │   │   │   │   │       │   │       ├── proc-macro2 v1.0.106 (*)
│   │   │   │   │   │   │   │   │       │   │       ├── quote v1.0.45 (*)
│   │   │   │   │   │   │   │   │       │   │       └── syn v2.0.117 (*)
│   │   │   │   │   │   │   │   │       │   └── zerofrom v0.1.8
│   │   │   │   │   │   │   │   │       │       └── zerofrom-derive v0.1.7 (proc-macro)
│   │   │   │   │   │   │   │   │       │           ├── proc-macro2 v1.0.106 (*)
│   │   │   │   │   │   │   │   │       │           ├── quote v1.0.45 (*)
│   │   │   │   │   │   │   │   │       │           ├── syn v2.0.117 (*)
│   │   │   │   │   │   │   │   │       │           └── synstructure v0.13.2 (*)
│   │   │   │   │   │   │   │   │       ├── zerofrom v0.1.8 (*)
│   │   │   │   │   │   │   │   │       └── zerovec-derive v0.11.3 (proc-macro)
│   │   │   │   │   │   │   │   │           ├── proc-macro2 v1.0.106 (*)
│   │   │   │   │   │   │   │   │           ├── quote v1.0.45 (*)
│   │   │   │   │   │   │   │   │           └── syn v2.0.117 (*)
│   │   │   │   │   │   │   │   ├── utf8_iter v1.0.4
│   │   │   │   │   │   │   │   ├── yoke v0.8.3 (*)
│   │   │   │   │   │   │   │   ├── zerofrom v0.1.8 (*)
│   │   │   │   │   │   │   │   └── zerovec v0.11.6 (*)
│   │   │   │   │   │   │   ├── icu_normalizer_data v2.2.0
│   │   │   │   │   │   │   ├── icu_provider v2.2.0
│   │   │   │   │   │   │   │   ├── displaydoc v0.2.6 (proc-macro) (*)
│   │   │   │   │   │   │   │   ├── icu_locale_core v2.2.0
│   │   │   │   │   │   │   │   │   ├── displaydoc v0.2.6 (proc-macro) (*)
│   │   │   │   │   │   │   │   │   ├── litemap v0.8.2
│   │   │   │   │   │   │   │   │   ├── tinystr v0.8.3
│   │   │   │   │   │   │   │   │   │   ├── displaydoc v0.2.6 (proc-macro) (*)
│   │   │   │   │   │   │   │   │   │   └── zerovec v0.11.6 (*)
│   │   │   │   │   │   │   │   │   ├── writeable v0.6.3
│   │   │   │   │   │   │   │   │   └── zerovec v0.11.6 (*)
│   │   │   │   │   │   │   │   ├── writeable v0.6.3
│   │   │   │   │   │   │   │   ├── yoke v0.8.3 (*)
│   │   │   │   │   │   │   │   ├── zerofrom v0.1.8 (*)
│   │   │   │   │   │   │   │   ├── zerotrie v0.2.4
│   │   │   │   │   │   │   │   │   ├── displaydoc v0.2.6 (proc-macro) (*)
│   │   │   │   │   │   │   │   │   ├── yoke v0.8.3 (*)
│   │   │   │   │   │   │   │   │   └── zerofrom v0.1.8 (*)
│   │   │   │   │   │   │   │   └── zerovec v0.11.6 (*)
│   │   │   │   │   │   │   ├── smallvec v1.15.2
│   │   │   │   │   │   │   └── zerovec v0.11.6 (*)
│   │   │   │   │   │   └── icu_properties v2.2.0
│   │   │   │   │   │       ├── icu_collections v2.2.0 (*)
│   │   │   │   │   │       ├── icu_locale_core v2.2.0 (*)
│   │   │   │   │   │       ├── icu_properties_data v2.2.0
│   │   │   │   │   │       ├── icu_provider v2.2.0 (*)
│   │   │   │   │   │       ├── zerotrie v0.2.4 (*)
│   │   │   │   │   │       └── zerovec v0.11.6 (*)
│   │   │   │   │   ├── smallvec v1.15.2
│   │   │   │   │   └── utf8_iter v1.0.4
│   │   │   │   ├── log v0.4.32 (*)
│   │   │   │   ├── publicsuffix v2.3.0
│   │   │   │   │   ├── idna v1.1.0 (*)
│   │   │   │   │   └── psl-types v2.0.11
│   │   │   │   ├── serde v1.0.228 (*)
│   │   │   │   ├── serde_derive v1.0.228 (proc-macro) (*)
│   │   │   │   ├── serde_json v1.0.150 (*)
│   │   │   │   ├── time v0.3.36 (*)
│   │   │   │   └── url v2.5.8
│   │   │   │       ├── form_urlencoded v1.2.2 (*)
│   │   │   │       ├── idna v1.1.0 (*)
│   │   │   │       └── percent-encoding v2.3.2
│   │   │   ├── encoding_rs v0.8.35
│   │   │   │   └── cfg-if v1.0.4
│   │   │   ├── futures-core v0.3.32
│   │   │   ├── h2 v0.4.14 (*)
│   │   │   ├── http v1.4.2 (*)
│   │   │   ├── http-body v1.0.1 (*)
│   │   │   ├── http-body-util v0.1.3 (*)
│   │   │   ├── hyper v1.10.1 (*)
│   │   │   ├── hyper-tls v0.6.0
│   │   │   │   ├── bytes v1.11.1 (*)
│   │   │   │   ├── http-body-util v0.1.3 (*)
│   │   │   │   ├── hyper v1.10.1 (*)
│   │   │   │   ├── hyper-util v0.1.20 (*)
│   │   │   │   ├── native-tls v0.2.18
│   │   │   │   │   ├── log v0.4.32 (*)
│   │   │   │   │   ├── openssl v0.10.81
│   │   │   │   │   │   ├── bitflags v2.13.0
│   │   │   │   │   │   ├── cfg-if v1.0.4
│   │   │   │   │   │   ├── foreign-types v0.3.2
│   │   │   │   │   │   │   └── foreign-types-shared v0.1.1
│   │   │   │   │   │   ├── libc v0.2.186
│   │   │   │   │   │   ├── openssl-macros v0.1.1 (proc-macro)
│   │   │   │   │   │   │   ├── proc-macro2 v1.0.106 (*)
│   │   │   │   │   │   │   ├── quote v1.0.45 (*)
│   │   │   │   │   │   │   └── syn v2.0.117 (*)
│   │   │   │   │   │   └── openssl-sys v0.9.117
│   │   │   │   │   │       └── libc v0.2.186
│   │   │   │   │   │       [build-dependencies]
│   │   │   │   │   │       ├── cc v1.2.64
│   │   │   │   │   │       │   ├── find-msvc-tools v0.1.9
│   │   │   │   │   │       │   └── shlex v2.0.1
│   │   │   │   │   │       ├── pkg-config v0.3.33
│   │   │   │   │   │       └── vcpkg v0.2.15
│   │   │   │   │   ├── openssl-probe v0.2.1
│   │   │   │   │   └── openssl-sys v0.9.117 (*)
│   │   │   │   ├── tokio v1.52.3 (*)
│   │   │   │   ├── tokio-native-tls v0.3.1
│   │   │   │   │   ├── native-tls v0.2.18 (*)
│   │   │   │   │   └── tokio v1.52.3 (*)
│   │   │   │   └── tower-service v0.3.3
│   │   │   ├── hyper-util v0.1.20 (*)
│   │   │   ├── log v0.4.32 (*)
│   │   │   ├── mime v0.3.17
│   │   │   ├── native-tls v0.2.18 (*)
│   │   │   ├── percent-encoding v2.3.2
│   │   │   ├── pin-project-lite v0.2.17
│   │   │   ├── rustls-pki-types v1.14.1
│   │   │   │   └── zeroize v1.9.0
│   │   │   ├── serde v1.0.228 (*)
│   │   │   ├── serde_json v1.0.150 (*)
│   │   │   ├── serde_urlencoded v0.7.1 (*)
│   │   │   ├── sync_wrapper v1.0.2 (*)
│   │   │   ├── tokio v1.52.3 (*)
│   │   │   ├── tokio-native-tls v0.3.1 (*)
│   │   │   ├── tower v0.5.3 (*)
│   │   │   ├── tower-http v0.6.11
│   │   │   │   ├── async-compression v0.4.42
│   │   │   │   │   ├── compression-codecs v0.4.38
│   │   │   │   │   │   ├── brotli v8.0.3
│   │   │   │   │   │   │   ├── alloc-no-stdlib v2.0.4
│   │   │   │   │   │   │   ├── alloc-stdlib v0.2.2
│   │   │   │   │   │   │   │   └── alloc-no-stdlib v2.0.4
│   │   │   │   │   │   │   └── brotli-decompressor v5.0.1
│   │   │   │   │   │   │       ├── alloc-no-stdlib v2.0.4
│   │   │   │   │   │   │       └── alloc-stdlib v0.2.2 (*)
│   │   │   │   │   │   ├── compression-core v0.4.32
│   │   │   │   │   │   ├── flate2 v1.1.9
│   │   │   │   │   │   │   ├── crc32fast v1.5.0
│   │   │   │   │   │   │   │   └── cfg-if v1.0.4
│   │   │   │   │   │   │   ├── miniz_oxide v0.8.9
│   │   │   │   │   │   │   │   ├── adler2 v2.0.1
│   │   │   │   │   │   │   │   └── simd-adler32 v0.3.9
│   │   │   │   │   │   │   └── zlib-rs v0.6.3
│   │   │   │   │   │   └── memchr v2.8.2
│   │   │   │   │   ├── compression-core v0.4.32
│   │   │   │   │   ├── pin-project-lite v0.2.17
│   │   │   │   │   └── tokio v1.52.3 (*)
│   │   │   │   ├── bitflags v2.13.0
│   │   │   │   ├── bytes v1.11.1 (*)
│   │   │   │   ├── futures-core v0.3.32
│   │   │   │   ├── futures-util v0.3.32 (*)
│   │   │   │   ├── http v1.4.2 (*)
│   │   │   │   ├── http-body v1.0.1 (*)
│   │   │   │   ├── http-body-util v0.1.3 (*)
│   │   │   │   ├── pin-project-lite v0.2.17
│   │   │   │   ├── tokio v1.52.3 (*)
│   │   │   │   ├── tokio-util v0.7.18 (*)
│   │   │   │   ├── tower v0.5.3 (*)
│   │   │   │   ├── tower-layer v0.3.3
│   │   │   │   ├── tower-service v0.3.3
│   │   │   │   ├── tracing v0.1.44 (*)
│   │   │   │   └── url v2.5.8 (*)
│   │   │   ├── tower-service v0.3.3
│   │   │   └── url v2.5.8 (*)
│   │   ├── serde v1.0.228 (*)
│   │   ├── serde_json v1.0.150 (*)
│   │   ├── thiserror v1.0.69 (*)
│   │   ├── tokio v1.52.3 (*)
│   │   ├── tracing v0.1.44 (*)
│   │   ├── url v2.5.8 (*)
│   │   └── which v6.0.3
│   │       ├── either v1.16.0
│   │       ├── home v0.5.12
│   │       └── rustix v0.38.44
│   │           ├── bitflags v2.13.0
│   │           └── linux-raw-sys v0.4.15
│   ├── dirs v5.0.1
│   │   └── dirs-sys v0.4.1
│   │       ├── libc v0.2.186
│   │       └── option-ext v0.2.0
│   ├── fantoccini v0.21.5
│   │   ├── base64 v0.22.1
│   │   ├── cookie v0.18.1 (*)
│   │   ├── futures-util v0.3.32 (*)
│   │   ├── http v1.4.2 (*)
│   │   ├── http-body-util v0.1.3 (*)
│   │   ├── hyper v1.10.1 (*)
│   │   ├── hyper-tls v0.6.0 (*)
│   │   ├── hyper-util v0.1.20 (*)
│   │   ├── mime v0.3.17
│   │   ├── serde v1.0.228 (*)
│   │   ├── serde_json v1.0.150 (*)
│   │   ├── time v0.3.36 (*)
│   │   ├── tokio v1.52.3 (*)
│   │   ├── url v2.5.8 (*)
│   │   └── webdriver v0.50.0
│   │       ├── base64 v0.21.7
│   │       ├── bytes v1.11.1 (*)
│   │       ├── cookie v0.16.2
│   │       │   └── time v0.3.36 (*)
│   │       │   [build-dependencies]
│   │       │   └── version_check v0.9.5
│   │       ├── http v0.2.12
│   │       │   ├── bytes v1.11.1 (*)
│   │       │   ├── fnv v1.0.7
│   │       │   └── itoa v1.0.18
│   │       ├── log v0.4.32 (*)
│   │       ├── serde v1.0.228 (*)
│   │       ├── serde_derive v1.0.228 (proc-macro) (*)
│   │       ├── serde_json v1.0.150 (*)
│   │       ├── thiserror v1.0.69 (*)
│   │       ├── time v0.3.36 (*)
│   │       ├── unicode-segmentation v1.13.3
│   │       └── url v2.5.8 (*)
│   ├── futures v0.3.32 (*)
│   ├── regex v1.12.4 (*)
│   ├── serde v1.0.228 (*)
│   ├── serde_json v1.0.150 (*)
│   ├── thiserror v1.0.69 (*)
│   ├── tokio v1.52.3 (*)
│   ├── tokio-util v0.7.18 (*)
│   ├── tracing v0.1.44 (*)
│   ├── tracing-subscriber v0.3.23
│   │   ├── matchers v0.2.0
│   │   │   └── regex-automata v0.4.14 (*)
│   │   ├── nu-ansi-term v0.50.3
│   │   ├── once_cell v1.21.4
│   │   ├── regex-automata v0.4.14 (*)
│   │   ├── sharded-slab v0.1.7
│   │   │   └── lazy_static v1.5.0
│   │   ├── smallvec v1.15.2
│   │   ├── thread_local v1.1.9
│   │   │   └── cfg-if v1.0.4
│   │   ├── tracing v0.1.44 (*)
│   │   ├── tracing-core v0.1.36 (*)
│   │   └── tracing-log v0.2.0
│   │       ├── log v0.4.32 (*)
│   │       ├── once_cell v1.21.4
│   │       └── tracing-core v0.1.36 (*)
│   └── url v2.5.8 (*)
├── clap v4.6.1
│   ├── clap_builder v4.6.0
│   │   ├── anstream v1.0.0
│   │   │   ├── anstyle v1.0.14
│   │   │   ├── anstyle-parse v1.0.0
│   │   │   │   └── utf8parse v0.2.2
│   │   │   ├── anstyle-query v1.1.5
│   │   │   ├── colorchoice v1.0.5
│   │   │   ├── is_terminal_polyfill v1.70.2
│   │   │   └── utf8parse v0.2.2
│   │   ├── anstyle v1.0.14
│   │   ├── clap_lex v1.1.0
│   │   └── strsim v0.11.1
│   └── clap_derive v4.6.1 (proc-macro)
│       ├── heck v0.5.0
│       ├── proc-macro2 v1.0.106 (*)
│       ├── quote v1.0.45 (*)
│       └── syn v2.0.117 (*)
├── encoding_rs v0.8.35 (*)
├── futures v0.3.32 (*)
├── html-escape v0.2.13
│   └── utf8-width v0.1.8
├── html-to-markdown-rs v3.6.1
│   ├── ahash v0.8.12
│   │   ├── cfg-if v1.0.4
│   │   ├── const-random v0.1.18
│   │   │   └── const-random-macro v0.1.16 (proc-macro)
│   │   │       ├── getrandom v0.2.17
│   │   │       │   ├── cfg-if v1.0.4
│   │   │       │   └── libc v0.2.186
│   │   │       ├── once_cell v1.21.4
│   │   │       └── tiny-keccak v2.0.2
│   │   │           └── crunchy v0.2.4
│   │   ├── getrandom v0.3.4
│   │   │   ├── cfg-if v1.0.4
│   │   │   └── libc v0.2.186
│   │   ├── once_cell v1.21.4
│   │   └── zerocopy v0.8.52
│   │   [build-dependencies]
│   │   └── version_check v0.9.5
│   ├── astral-tl v0.7.11
│   │   └── memchr v2.8.2
│   ├── base64 v0.22.1
│   ├── bitflags v2.13.0
│   ├── html-escape v0.2.13 (*)
│   ├── html5ever v0.39.0
│   │   ├── log v0.4.32 (*)
│   │   └── markup5ever v0.39.0
│   │       ├── log v0.4.32 (*)
│   │       ├── tendril v0.5.0
│   │       │   ├── new_debug_unreachable v1.0.6
│   │       │   └── utf-8 v0.7.6
│   │       └── web_atoms v0.2.4
│   │           ├── phf v0.13.1
│   │           │   ├── phf_macros v0.13.1 (proc-macro)
│   │           │   │   ├── phf_generator v0.13.1
│   │           │   │   │   ├── fastrand v2.4.1
│   │           │   │   │   └── phf_shared v0.13.1
│   │           │   │   │       └── siphasher v1.0.3
│   │           │   │   ├── phf_shared v0.13.1 (*)
│   │           │   │   ├── proc-macro2 v1.0.106 (*)
│   │           │   │   ├── quote v1.0.45 (*)
│   │           │   │   └── syn v2.0.117 (*)
│   │           │   └── phf_shared v0.13.1 (*)
│   │           └── string_cache v0.9.0
│   │               ├── new_debug_unreachable v1.0.6
│   │               ├── parking_lot v0.12.5 (*)
│   │               ├── phf_shared v0.13.1 (*)
│   │               └── precomputed-hash v0.1.1
│   │           [build-dependencies]
│   │           ├── phf_codegen v0.13.1
│   │           │   ├── phf_generator v0.13.1 (*)
│   │           │   └── phf_shared v0.13.1 (*)
│   │           └── string_cache_codegen v0.6.1
│   │               ├── phf_generator v0.13.1 (*)
│   │               ├── phf_shared v0.13.1 (*)
│   │               ├── proc-macro2 v1.0.106 (*)
│   │               └── quote v1.0.45 (*)
│   ├── image v0.25.10
│   │   ├── bytemuck v1.25.0
│   │   ├── byteorder-lite v0.1.0
│   │   ├── color_quant v1.1.0
│   │   ├── gif v0.14.2
│   │   │   ├── color_quant v1.1.0
│   │   │   └── weezl v0.1.12
│   │   ├── image-webp v0.2.4
│   │   │   ├── byteorder-lite v0.1.0
│   │   │   └── quick-error v2.0.1
│   │   ├── moxcms v0.8.1
│   │   │   ├── num-traits v0.2.19
│   │   │   │   [build-dependencies]
│   │   │   │   └── autocfg v1.5.1
│   │   │   └── pxfm v0.1.29
│   │   ├── num-traits v0.2.19 (*)
│   │   ├── png v0.18.1
│   │   │   ├── bitflags v2.13.0
│   │   │   ├── crc32fast v1.5.0 (*)
│   │   │   ├── fdeflate v0.3.7
│   │   │   │   └── simd-adler32 v0.3.9
│   │   │   ├── flate2 v1.1.9 (*)
│   │   │   └── miniz_oxide v0.8.9 (*)
│   │   ├── zune-core v0.5.1
│   │   └── zune-jpeg v0.5.15
│   │       └── zune-core v0.5.1
│   ├── lru v0.18.0
│   │   └── hashbrown v0.17.1 (*)
│   ├── memchr v2.8.2
│   ├── once_cell v1.21.4
│   ├── phf v0.13.1 (*)
│   ├── regex v1.12.4 (*)
│   ├── serde v1.0.228 (*)
│   ├── serde_json v1.0.150 (*)
│   └── thiserror v2.0.18
│       └── thiserror-impl v2.0.18 (proc-macro)
│           ├── proc-macro2 v1.0.106 (*)
│           ├── quote v1.0.45 (*)
│           └── syn v2.0.117 (*)
├── html2md v0.2.15
│   ├── html5ever v0.27.0
│   │   ├── log v0.4.32 (*)
│   │   ├── mac v0.1.1
│   │   └── markup5ever v0.12.1
│   │       ├── log v0.4.32 (*)
│   │       ├── phf v0.11.3
│   │       │   ├── phf_macros v0.11.3 (proc-macro)
│   │       │   │   ├── phf_generator v0.11.3
│   │       │   │   │   ├── phf_shared v0.11.3
│   │       │   │   │   │   └── siphasher v1.0.3
│   │       │   │   │   └── rand v0.8.6
│   │       │   │   │       └── rand_core v0.6.4
│   │       │   │   ├── phf_shared v0.11.3 (*)
│   │       │   │   ├── proc-macro2 v1.0.106 (*)
│   │       │   │   ├── quote v1.0.45 (*)
│   │       │   │   └── syn v2.0.117 (*)
│   │       │   └── phf_shared v0.11.3 (*)
│   │       ├── string_cache v0.8.9
│   │       │   ├── new_debug_unreachable v1.0.6
│   │       │   ├── parking_lot v0.12.5 (*)
│   │       │   ├── phf_shared v0.11.3 (*)
│   │       │   ├── precomputed-hash v0.1.1
│   │       │   └── serde v1.0.228 (*)
│   │       └── tendril v0.4.3
│   │           ├── futf v0.1.5
│   │           │   ├── mac v0.1.1
│   │           │   └── new_debug_unreachable v1.0.6
│   │           ├── mac v0.1.1
│   │           └── utf-8 v0.7.6
│   │       [build-dependencies]
│   │       ├── phf_codegen v0.11.3
│   │       │   ├── phf_generator v0.11.3 (*)
│   │       │   └── phf_shared v0.11.3 (*)
│   │       └── string_cache_codegen v0.5.4
│   │           ├── phf_generator v0.11.3 (*)
│   │           ├── phf_shared v0.11.3 (*)
│   │           ├── proc-macro2 v1.0.106 (*)
│   │           └── quote v1.0.45 (*)
│   │   [build-dependencies]
│   │   ├── proc-macro2 v1.0.106 (*)
│   │   ├── quote v1.0.45 (*)
│   │   └── syn v2.0.117 (*)
│   ├── lazy_static v1.5.0
│   ├── markup5ever_rcdom v0.3.0
│   │   ├── html5ever v0.27.0 (*)
│   │   ├── markup5ever v0.12.1 (*)
│   │   ├── tendril v0.4.3 (*)
│   │   └── xml5ever v0.18.1
│   │       ├── log v0.4.32 (*)
│   │       ├── mac v0.1.1
│   │       └── markup5ever v0.12.1 (*)
│   ├── percent-encoding v2.3.2
│   └── regex v1.12.4 (*)
├── lino-arguments v0.3.0
│   ├── clap v4.6.1 (*)
│   ├── ctor v0.4.3
│   │   ├── ctor-proc-macro v0.0.6 (proc-macro)
│   │   └── dtor v0.0.6
│   │       └── dtor-proc-macro v0.0.5 (proc-macro)
│   ├── dotenvy v0.15.7
│   ├── lino-env v0.1.0
│   ├── serde v1.0.228 (*)
│   └── thiserror v1.0.69 (*)
├── regex v1.12.4 (*)
├── reqwest v0.12.28 (*)
├── scraper v0.21.0
│   ├── ahash v0.8.12 (*)
│   ├── cssparser v0.34.0
│   │   ├── cssparser-macros v0.6.1 (proc-macro)
│   │   │   ├── quote v1.0.45 (*)
│   │   │   └── syn v2.0.117 (*)
│   │   ├── dtoa-short v0.3.5
│   │   │   └── dtoa v1.0.11
│   │   ├── itoa v1.0.18
│   │   ├── phf v0.11.3 (*)
│   │   └── smallvec v1.15.2
│   ├── ego-tree v0.9.0
│   ├── getopts v0.2.24
│   │   └── unicode-width v0.2.2
│   ├── html5ever v0.29.1
│   │   ├── log v0.4.32 (*)
│   │   ├── mac v0.1.1
│   │   ├── markup5ever v0.14.1
│   │   │   ├── log v0.4.32 (*)
│   │   │   ├── phf v0.11.3 (*)
│   │   │   ├── string_cache v0.8.9 (*)
│   │   │   └── tendril v0.4.3 (*)
│   │   │   [build-dependencies]
│   │   │   ├── phf_codegen v0.11.3 (*)
│   │   │   └── string_cache_codegen v0.5.4 (*)
│   │   └── match_token v0.1.0 (proc-macro)
│   │       ├── proc-macro2 v1.0.106 (*)
│   │       ├── quote v1.0.45 (*)
│   │       └── syn v2.0.117 (*)
│   ├── precomputed-hash v0.1.1
│   ├── selectors v0.26.0
│   │   ├── bitflags v2.13.0
│   │   ├── cssparser v0.34.0 (*)
│   │   ├── derive_more v0.99.20 (proc-macro)
│   │   │   ├── proc-macro2 v1.0.106 (*)
│   │   │   ├── quote v1.0.45 (*)
│   │   │   └── syn v2.0.117 (*)
│   │   ├── fxhash v0.2.1
│   │   │   └── byteorder v1.5.0
│   │   ├── log v0.4.32 (*)
│   │   ├── new_debug_unreachable v1.0.6
│   │   ├── phf v0.11.3 (*)
│   │   ├── precomputed-hash v0.1.1
│   │   ├── servo_arc v0.4.3
│   │   │   └── stable_deref_trait v1.2.1
│   │   └── smallvec v1.15.2
│   │   [build-dependencies]
│   │   └── phf_codegen v0.11.3 (*)
│   └── tendril v0.4.3 (*)
├── serde v1.0.228 (*)
├── serde_json v1.0.150 (*)
├── thiserror v2.0.18 (*)
├── tokio v1.52.3 (*)
├── tower v0.5.3 (*)
├── tower-http v0.6.11 (*)
├── tracing v0.1.44 (*)
├── tracing-subscriber v0.3.23 (*)
├── url v2.5.8 (*)
└── zip v4.6.1
    ├── crc32fast v1.5.0 (*)
    ├── flate2 v1.1.9 (*)
    ├── indexmap v2.14.0 (*)
    ├── memchr v2.8.2
    └── zopfli v0.8.3
        ├── bumpalo v3.20.3
        ├── crc32fast v1.5.0 (*)
        ├── log v0.4.32 (*)
        └── simd-adler32 v0.3.9
