.cargo_vcs_info.json
.gitignore
Cargo.lock
Cargo.toml
Cargo.toml.orig
README.md
changelog.d/README.md
changelog.d/full-rust-workflows.md
changelog.d/web-capture-release-pipeline.md
scripts/check-changelog-fragment.rs
scripts/check-crate-size.rs
scripts/check-file-size.rs
scripts/check-version-modification.rs
scripts/detect-code-changes.rs
scripts/rust-paths.rs
src/error.rs
src/lib.rs
src/main.rs
src/merger.rs
src/providers/base.rs
src/providers/bing.rs
src/providers/duckduckgo.rs
src/providers/engines.rs
src/providers/generic.rs
src/providers/google.rs
src/providers/html_utils.rs
src/providers/mod.rs
src/providers/registry.rs
src/providers/web_capture.rs
src/search.rs
tests/engines.rs
tests/html_utils.rs
tests/registry.rs
tests/web_capture.rs
