    Updating crates.io index
     Locking 172 packages to latest compatible versions
      Adding adler2 v2.0.1
      Adding ahash v0.8.12
      Adding alloc-no-stdlib v2.0.4
      Adding alloc-stdlib v0.2.2
      Adding allocator-api2 v0.2.21
      Adding arbitrary v1.4.2
      Adding astral-tl v0.7.11
      Adding async-attributes v1.1.2
      Adding async-channel v1.9.0
      Adding async-channel v2.5.0
      Adding async-compression v0.4.42
      Adding async-executor v1.14.0
      Adding async-global-executor v2.4.1
      Adding async-io v2.6.0
      Adding async-lock v3.4.2
      Adding async-process v2.5.0
      Adding async-signal v0.2.14
      Adding async-std v1.13.2
      Adding async-task v4.7.1
      Adding async-tungstenite v0.27.0
      Adding autocfg v1.5.1
      Adding base64 v0.21.7
      Adding block-buffer v0.10.4
      Adding blocking v1.6.2
      Adding brotli v8.0.3
      Adding brotli-decompressor v5.0.1
      Adding browser-commander v0.9.1
      Adding bytemuck v1.25.0
      Adding byteorder-lite v0.1.0
      Adding cesu8 v1.1.0
      Adding chromiumoxide v0.7.0
      Adding chromiumoxide_cdp v0.7.0
      Adding chromiumoxide_pdl v0.7.0
      Adding chromiumoxide_types v0.7.0
      Adding color_quant v1.1.0
      Adding combine v4.6.7
      Adding compression-codecs v0.4.38
      Adding compression-core v0.4.32
      Adding concurrent-queue v2.5.0
      Adding const-random v0.1.18
      Adding const-random-macro v0.1.16
      Adding cookie v0.16.2
      Adding cookie v0.18.1
      Adding cookie_store v0.22.1
      Adding cpufeatures v0.2.17
      Adding crc32fast v1.5.0
      Adding crossbeam-utils v0.8.21
      Adding crunchy v0.2.4
      Adding crypto-common v0.1.7
      Adding ctor v0.4.3
      Adding ctor-proc-macro v0.0.6
      Adding data-encoding v2.11.0
      Adding deranged v0.5.8
      Adding derive_arbitrary v1.4.2
      Adding digest v0.10.7
      Adding dirs v5.0.1
      Adding dirs-sys v0.4.1
      Adding document-features v0.2.12
      Adding dotenvy v0.15.7
      Adding dtor v0.0.6
      Adding dtor-proc-macro v0.0.5
      Adding dunce v1.0.5
      Adding ego-tree v0.9.0
      Adding either v1.16.0
      Adding event-listener v2.5.3
      Adding event-listener v5.4.1
      Adding event-listener-strategy v0.5.4
      Adding fantoccini v0.21.5
      Adding fdeflate v0.3.7
      Adding flate2 v1.1.9
      Adding foldhash v0.2.0
      Adding futures-lite v2.6.1
      Adding futures-timer v3.0.4
      Adding generic-array v0.14.7 (available: v0.14.9)
      Adding getrandom v0.3.4
      Adding gif v0.14.2
      Adding gloo-timers v0.3.0
      Adding heck v0.4.1
      Adding home v0.5.12
      Adding html-escape v0.2.13
      Adding html-to-markdown-rs v3.6.1
      Adding html2md v0.2.15
      Adding html5ever v0.27.0
      Adding html5ever v0.39.0
      Adding http v0.2.12
      Adding image v0.25.10
      Adding image-webp v0.2.4
      Adding jni v0.19.0
      Adding jni-sys v0.3.1
      Adding jni-sys v0.4.1
      Adding jni-sys-macros v0.4.1
      Adding kv-log-macro v1.0.7
      Adding libredox v0.1.17
      Adding lino-arguments v0.3.0
      Adding lino-env v0.1.0
      Adding linux-raw-sys v0.4.15
      Adding litrs v1.0.0
      Adding lru v0.18.0
      Adding markup5ever v0.12.1
      Adding markup5ever v0.39.0
      Adding markup5ever_rcdom v0.3.0
      Adding miniz_oxide v0.8.9
      Adding moxcms v0.8.1
      Adding num-conv v0.2.2
      Adding num-traits v0.2.19
      Adding option-ext v0.2.0
      Adding parking v2.2.1
      Adding phf v0.13.1
      Adding phf_codegen v0.13.1
      Adding phf_generator v0.13.1
      Adding phf_macros v0.13.1
      Adding phf_shared v0.13.1
      Adding pin-utils v0.1.0
      Adding piper v0.2.5
      Adding png v0.18.1
      Adding polling v3.11.0
      Adding powerfmt v0.2.0
      Adding ppv-lite86 v0.2.21
      Adding psl-types v2.0.11
      Adding publicsuffix v2.3.0
      Adding pxfm v0.1.29
      Adding quick-error v2.0.1
      Adding r-efi v5.3.0
      Adding rand_chacha v0.3.1
      Adding redox_users v0.4.6
      Adding rustix v0.38.44
      Adding same-file v1.0.6
      Adding scraper v0.21.0
      Adding sha1 v0.10.6
      Adding simd-adler32 v0.3.9
      Adding string_cache v0.9.0
      Adding string_cache_codegen v0.6.1
      Adding syn v1.0.109
      Adding tendril v0.5.0
      Adding thiserror v1.0.69
      Adding thiserror-impl v1.0.69
      Adding time v0.3.48
      Adding time-core v0.1.9
      Adding time-macros v0.2.28
      Adding tiny-keccak v2.0.2
      Adding tungstenite v0.23.0
      Adding typenum v1.20.1
      Adding unicode-segmentation v1.13.3
      Adding utf8-width v0.1.8
      Adding value-bag v1.12.0
      Adding version_check v0.9.5
      Adding walkdir v2.5.0
      Adding web-capture v0.3.30
      Adding web_atoms v0.2.4
      Adding webdriver v0.50.0
      Adding weezl v0.1.12
      Adding which v6.0.3
      Adding winapi-util v0.1.11
      Adding windows-sys v0.48.0
      Adding windows-targets v0.48.5
      Adding windows_aarch64_gnullvm v0.48.5
      Adding windows_aarch64_msvc v0.48.5
      Adding windows_i686_gnu v0.48.5
      Adding windows_i686_msvc v0.48.5
      Adding windows_x86_64_gnu v0.48.5
      Adding windows_x86_64_gnullvm v0.48.5
      Adding windows_x86_64_msvc v0.48.5
      Adding winreg v0.52.0
      Adding winsafe v0.0.19
      Adding xml5ever v0.18.1
      Adding zerocopy v0.8.52
      Adding zerocopy-derive v0.8.52
      Adding zip v4.6.1
      Adding zlib-rs v0.6.3
      Adding zopfli v0.8.3
      Adding zune-core v0.5.1
      Adding zune-jpeg v0.5.15
 Downloading crates ...
  Downloaded alloc-stdlib v0.2.2
  Downloaded async-attributes v1.1.2
  Downloaded alloc-no-stdlib v2.0.4
  Downloaded astral-tl v0.7.11
  Downloaded weezl v0.1.12
  Downloaded tendril v0.5.0
  Downloaded webdriver v0.50.0
  Downloaded value-bag v1.12.0
  Downloaded zune-core v0.5.1
  Downloaded which v6.0.3
  Downloaded chromiumoxide_pdl v0.7.0
  Downloaded browser-commander v0.9.1
  Downloaded base64 v0.21.7
  Downloaded web_atoms v0.2.4
  Downloaded home v0.5.12
  Downloaded scraper v0.21.0
  Downloaded autocfg v1.5.1
  Downloaded string_cache_codegen v0.6.1
  Downloaded zopfli v0.8.3
  Downloaded phf_macros v0.13.1
  Downloaded tungstenite v0.23.0
  Downloaded zune-jpeg v0.5.15
  Downloaded utf8-width v0.1.8
  Downloaded phf v0.13.1
  Downloaded crunchy v0.2.4
  Downloaded compression-core v0.4.32
  Downloaded heck v0.4.1
  Downloaded zlib-rs v0.6.3
  Downloaded tiny-keccak v2.0.2
  Downloaded cookie v0.18.1
  Downloaded polling v3.11.0
  Downloaded zerocopy v0.8.52
  Downloaded html5ever v0.27.0
  Downloaded publicsuffix v2.3.0
  Downloaded http v0.2.12
  Downloaded png v0.18.1
  Downloaded async-compression v0.4.42
  Downloaded moxcms v0.8.1
  Downloaded fantoccini v0.21.5
  Downloaded time v0.3.48
  Downloaded brotli-decompressor v5.0.1
  Downloaded gif v0.14.2
  Downloaded image-webp v0.2.4
  Downloaded async-io v2.6.0
  Downloaded markup5ever_rcdom v0.3.0
  Downloaded image v0.25.10
  Downloaded html2md v0.2.15
  Downloaded rustix v0.38.44
  Downloaded data-encoding v2.11.0
  Downloaded cookie v0.16.2
  Downloaded chromiumoxide_cdp v0.7.0
  Downloaded compression-codecs v0.4.38
  Downloaded async-std v1.13.2
  Downloaded async-lock v3.4.2
  Downloaded string_cache v0.9.0
  Downloaded kv-log-macro v1.0.7
  Downloaded html5ever v0.39.0
  Downloaded html-escape v0.2.13
  Downloaded foldhash v0.2.0
  Downloaded concurrent-queue v2.5.0
  Downloaded async-executor v1.14.0
  Downloaded html-to-markdown-rs v3.6.1
  Downloaded brotli v8.0.3
  Downloaded dirs-sys v0.4.1
  Downloaded color_quant v1.1.0
  Downloaded async-channel v1.9.0
  Downloaded time-core v0.1.9
  Downloaded phf_codegen v0.13.1
  Downloaded parking v2.2.1
  Downloaded dirs v5.0.1
  Downloaded const-random v0.1.18
  Downloaded zip v4.6.1
  Downloaded time-macros v0.2.28
  Downloaded pxfm v0.1.29
  Downloaded powerfmt v0.2.0
  Downloaded event-listener-strategy v0.5.4
  Downloaded event-listener v5.4.1
  Downloaded phf_generator v0.13.1
  Downloaded async-channel v2.5.0
  Downloaded event-listener v2.5.3
  Downloaded const-random-macro v0.1.16
  Downloaded bytemuck v1.25.0
  Downloaded bumpalo v3.20.3
  Downloaded xml5ever v0.18.1
  Downloaded phf_shared v0.13.1
  Downloaded futures-lite v2.6.1
  Downloaded ego-tree v0.9.0
  Downloaded deranged v0.5.8
  Downloaded cookie_store v0.22.1
  Downloaded chromiumoxide v0.7.0
  Downloaded blocking v1.6.2
  Downloaded async-process v2.5.0
  Downloaded async-global-executor v2.4.1
  Downloaded quick-error v2.0.1
  Downloaded psl-types v2.0.11
  Downloaded piper v0.2.5
  Downloaded pin-utils v0.1.0
  Downloaded num-conv v0.2.2
  Downloaded markup5ever v0.12.1
  Downloaded lru v0.18.0
  Downloaded futures-timer v3.0.4
  Downloaded fdeflate v0.3.7
  Downloaded async-task v4.7.1
  Downloaded byteorder-lite v0.1.0
  Downloaded document-features v0.2.12
  Downloaded markup5ever v0.39.0
  Downloaded litrs v1.0.0
  Downloaded chromiumoxide_types v0.7.0
  Downloaded async-tungstenite v0.27.0
  Downloaded async-signal v0.2.14
  Downloaded ahash v0.8.12
  Downloaded linux-raw-sys v0.4.15
   Compiling proc-macro2 v1.0.106
    Checking cfg-if v1.0.4
   Compiling quote v1.0.45
   Compiling serde v1.0.228
    Checking libc v0.2.186
    Checking serde_core v1.0.228
    Checking smallvec v1.15.2
    Checking value-bag v1.12.0
    Checking log v0.4.32
    Checking pin-project-lite v0.2.17
    Checking scopeguard v1.2.0
   Compiling siphasher v1.0.3
    Checking lock_api v0.4.14
    Checking memchr v2.8.2
    Checking futures-core v0.3.32
    Checking itoa v1.0.18
    Checking stable_deref_trait v1.2.1
   Compiling syn v2.0.117
   Compiling version_check v0.9.5
    Checking once_cell v1.21.4
    Checking parking_lot_core v0.9.12
    Checking bitflags v2.13.0
    Checking parking_lot v0.12.5
    Checking errno v0.3.14
    Checking futures-io v0.3.32
   Compiling phf_shared v0.11.3
    Checking slab v0.4.12
    Checking signal-hook-registry v1.4.8
   Compiling phf_generator v0.11.3
    Checking socket2 v0.6.4
    Checking mio v1.2.1
    Checking new_debug_unreachable v1.0.6
    Checking futures-sink v0.3.32
    Checking utf-8 v0.7.6
   Compiling crossbeam-utils v0.8.21
   Compiling phf_codegen v0.11.3
    Checking tracing-core v0.1.36
    Checking writeable v0.6.3
    Checking percent-encoding v2.3.2
    Checking litemap v0.8.2
    Checking precomputed-hash v0.1.1
   Compiling autocfg v1.5.1
    Checking futures-channel v0.3.32
    Checking parking v2.2.1
    Checking allocator-api2 v0.2.21
    Checking atomic-waker v1.1.2
    Checking utf8_iter v1.0.4
    Checking foldhash v0.2.0
    Checking equivalent v1.0.2
    Checking zmij v1.0.21
    Checking concurrent-queue v2.5.0
   Compiling crc32fast v1.5.0
    Checking hashbrown v0.17.1
    Checking simd-adler32 v0.3.9
    Checking futures-task v0.3.32
    Checking serde_json v1.0.150
    Checking icu_normalizer_data v2.2.0
    Checking icu_properties_data v2.2.0
   Compiling string_cache_codegen v0.5.4
    Checking adler2 v2.0.1
    Checking fastrand v2.4.1
    Checking fnv v1.0.7
   Compiling zerocopy v0.8.52
    Checking indexmap v2.14.0
    Checking miniz_oxide v0.8.9
    Checking httparse v1.10.1
    Checking form_urlencoded v1.2.2
    Checking aho-corasick v1.1.4
   Compiling phf_shared v0.13.1
    Checking mac v0.1.1
   Compiling rustix v1.1.4
    Checking regex-syntax v0.8.11
    Checking tower-service v0.3.3
    Checking zlib-rs v0.6.3
   Compiling phf_generator v0.13.1
    Checking futf v0.1.5
    Checking futures-lite v2.6.1
    Checking event-listener v5.4.1
   Compiling generic-array v0.14.7
   Compiling synstructure v0.13.2
    Checking try-lock v0.2.5
   Compiling num-conv v0.2.2
    Checking flate2 v1.1.9
    Checking regex-automata v0.4.14
    Checking linux-raw-sys v0.12.1
   Compiling time-core v0.1.9
    Checking want v0.3.1
   Compiling time-macros v0.2.28
    Checking event-listener-strategy v0.5.4
    Checking tendril v0.4.3
   Compiling async-io v2.6.0
    Checking deranged v0.5.8
   Compiling serde_derive v1.0.228
   Compiling zerofrom-derive v0.1.7
   Compiling yoke-derive v0.8.2
   Compiling zerovec-derive v0.11.3
   Compiling tokio-macros v2.7.0
   Compiling displaydoc v0.2.6
    Checking zerofrom v0.1.8
   Compiling tracing-attributes v0.1.31
    Checking yoke v0.8.3
   Compiling futures-macro v0.3.32
   Compiling phf_macros v0.11.3
    Checking zerotrie v0.2.4
    Checking zerovec v0.11.6
    Checking phf v0.11.3
    Checking futures-util v0.3.32
    Checking base64 v0.22.1
    Checking tinystr v0.8.3
    Checking potential_utf v0.1.5
    Checking icu_locale_core v2.2.0
    Checking tracing v0.1.44
    Checking icu_collections v2.2.0
   Compiling thiserror v1.0.69
    Checking foreign-types-shared v0.1.1
    Checking powerfmt v0.2.0
    Checking alloc-no-stdlib v2.0.4
    Checking httpdate v1.0.3
    Checking typenum v1.20.1
    Checking icu_provider v2.2.0
    Checking bytes v1.11.1
    Checking string_cache v0.8.9
    Checking icu_normalizer v2.2.0
    Checking icu_properties v2.2.0
    Checking tokio v1.52.3
    Checking http v1.4.2
    Checking time v0.3.48
    Checking idna_adapter v1.2.2
    Checking http-body v1.0.1
    Checking idna v1.1.0
    Checking http-body-util v0.1.3
    Checking url v2.5.8
    Checking alloc-stdlib v0.2.2
    Checking foreign-types v0.3.2
   Compiling thiserror-impl v1.0.69
   Compiling openssl-macros v0.1.1
    Checking polling v3.11.0
    Checking openssl-sys v0.9.117
    Checking ipnet v2.12.0
    Checking byteorder v1.5.0
    Checking async-task v4.7.1
   Compiling crunchy v0.2.4
    Checking openssl v0.10.81
    Checking brotli-decompressor v5.0.1
    Checking regex v1.12.4
    Checking async-channel v2.5.0
   Compiling cookie v0.18.1
    Checking getrandom v0.2.17
    Checking sync_wrapper v1.0.2
   Compiling tiny-keccak v2.0.2
   Compiling syn v1.0.109
    Checking openssl-probe v0.2.1
    Checking tower-layer v0.3.3
    Checking rand_core v0.6.4
    Checking brotli v8.0.3
    Checking crypto-common v0.1.7
    Checking block-buffer v0.10.4
    Checking ppv-lite86 v0.2.21
    Checking async-lock v3.4.2
   Compiling string_cache_codegen v0.6.1
   Compiling phf_codegen v0.13.1
   Compiling markup5ever v0.12.1
    Checking piper v0.2.5
    Checking tokio-util v0.7.18
    Checking unicode-ident v1.0.24
    Checking compression-core v0.4.32
    Checking mime v0.3.17
    Checking native-tls v0.2.18
    Checking lazy_static v1.5.0
    Checking tokio-native-tls v0.3.1
    Checking blocking v1.6.2
    Checking tower v0.5.3
    Checking h2 v0.4.14
   Compiling web_atoms v0.2.4
    Checking rand_chacha v0.3.1
    Checking digest v0.10.7
    Checking async-signal v0.2.14
error[E0119]: conflicting implementations of trait `From<format_description::parse::format_item::HourBase>` for type `<format_description::parse::format_item::HourBase as format_description::parse::format_item::ModifierValue>::Type`
   --> /home/box/.cargo/registry/src/index.crates.io-1949cf8c6b5b557f/cookie-0.18.1/src/expiration.rs:129:1
    |
129 | impl<T: Into<Option<OffsetDateTime>>> From<T> for Expiration {
    | ^^^^^^^^^^^^^^^^^^^^^^^^^^^^^^^^^^^^^^^^^^^^^^^^^^^^^^^^^^^^
    |
    = note: conflicting implementation in crate `time`:
            - impl From<format_description::parse::format_item::HourBase> for <format_description::parse::format_item::HourBase as format_description::parse::format_item::ModifierValue>::Type;
    = note: upstream crates may add a new impl of trait `std::convert::Into<std::option::Option<time::OffsetDateTime>>` for type `time::format_description::parse::format_item::HourBase` in future versions

    Checking async-executor v1.14.0
   Compiling phf_macros v0.13.1
For more information about this error, try `rustc --explain E0119`.
   Compiling markup5ever v0.14.1
error: could not compile `cookie` (lib) due to 1 previous error
warning: build failed, waiting for other jobs to finish...
